
> nextn@0.1.0 dev
> next dev --turbopack -p 9002 -p 9003

